// Jest Snapshot v1, https://goo.gl/fbAQLP

exports[`matches snapshot 1`] = `
<footer>
  <Link
    className="footer-link"
    to="/about"
  >
    About
  </Link>
</footer>
`;
